    Finished `test` profile [optimized + debuginfo] target(s) in 0.01s
     Running tests/runtime_attachment.rs (truelearner/target/debug/deps/runtime_attachment-84fb746bf06bb17b)

running 1 test

thread 'regulation_outcome_boundary_attachment_closes_first_return' (301747201) panicked at crates/embodiment/tests/runtime_attachment.rs:737:5:
first two decisions: [
    [
        "PhysicalTransition { tick: 4, phase: 0, event: OutputCandidateEvaluated { target: JunctionId(1), ownership: Organism, path_inputs: 6, path_origins: [90001], distinct_path_origins: 1, distinct_path_owners: 0, positive_path_strength: 12884901888, negative_path_strength: 12884901888, opportunity: 4294967296, supplied_opportunity: 0, admitted_drive: 12884901888, projected_drive: 17179869184, threshold: 8589934592, consequence_tick: None, unanswered_returns: 0, executable: true } }",
        "PhysicalTransition { tick: 4, phase: 0, event: OutputCandidateEvaluated { target: JunctionId(2), ownership: Organism, path_inputs: 6, path_origins: [90001], distinct_path_origins: 1, distinct_path_owners: 0, positive_path_strength: 12884901888, negative_path_strength: 12884901888, opportunity: 4294967296, supplied_opportunity: 0, admitted_drive: 12884901888, projected_drive: 17179869184, threshold: 8589934592, consequence_tick: None, unanswered_returns: 0, executable: true } }",
        "PhysicalTransition { tick: 4, phase: 0, event: OutputChoiceResolved { ordinary_target: JunctionId(1), current_transition_target: None, coherent_effect_target: None, completed_cycle_target: None, computed_winner_target: JunctionId(1), admitted: [OutputAdmission { target: JunctionId(1), owner: None }], computed_winner_basis: Ordinary, admission_basis: Ordinary, completed_cycle_state: Missing, crosses_ownership_view: false } }",
        "PhysicalTransition { tick: 4, phase: 0, event: PhysicalTransitionContinuationEvaluated { target: JunctionId(1), owner: None, current_owner_transition: false, unanswered_returns: 0, admitted: false } }",
        "PhysicalTransition { tick: 4, phase: 0, event: CoherentEffectEvaluated { target: JunctionId(1), owner: None, latest_unanswered_opened_tick: None, unanswered_returns: 0, admitted: false } }",
        "PhysicalTransition { tick: 4, phase: 0, event: CompletedCycleContinuationEvaluated { target: JunctionId(1), owner: None, consequence_tick: None, consequence_witnesses: [], unique_latest_tick: None, crosses_ownership_view: false, admitted: false } }",
        "PhysicalTransition { tick: 4, phase: 0, event: CandidateSelection { target: JunctionId(1), origin_scope: None, consequence_tick: None, admitted: true } }",
        "PhysicalTransition { tick: 4, phase: 0, event: PhysicalTransitionContinuationEvaluated { target: JunctionId(2), owner: None, current_owner_transition: false, unanswered_returns: 0, admitted: false } }",
        "PhysicalTransition { tick: 4, phase: 0, event: CoherentEffectEvaluated { target: JunctionId(2), owner: None, latest_unanswered_opened_tick: None, unanswered_returns: 0, admitted: false } }",
        "PhysicalTransition { tick: 4, phase: 0, event: CompletedCycleContinuationEvaluated { target: JunctionId(2), owner: None, consequence_tick: None, consequence_witnesses: [], unique_latest_tick: None, crosses_ownership_view: false, admitted: false } }",
        "PhysicalTransition { tick: 4, phase: 0, event: CandidateSelection { target: JunctionId(2), origin_scope: None, consequence_tick: None, admitted: false } }",
        "PhysicalTransition { tick: 4, phase: 0, event: Output(Output { tick: 4, from_physical: 20000, to_physical: 30000, from_region: 0, to_region: 1, impulse: 1 }) }",
    ],
    [
        "PhysicalTransition { tick: 7, phase: 0, event: OutputCandidateEvaluated { target: JunctionId(1), ownership: Organism, path_inputs: 2, path_origins: [20000], distinct_path_origins: 1, distinct_path_owners: 0, positive_path_strength: 4294967296, negative_path_strength: 4294967296, opportunity: 4294967296, supplied_opportunity: 0, admitted_drive: 4294967296, projected_drive: 8589934592, threshold: 8589934592, consequence_tick: None, unanswered_returns: 0, executable: true } }",
        "PhysicalTransition { tick: 7, phase: 0, event: OutputCandidateEvaluated { target: JunctionId(2), ownership: Organism, path_inputs: 2, path_origins: [20000], distinct_path_origins: 1, distinct_path_owners: 0, positive_path_strength: 4294967296, negative_path_strength: 4294967296, opportunity: 4294967296, supplied_opportunity: 0, admitted_drive: 4294967296, projected_drive: 8589934592, threshold: 8589934592, consequence_tick: None, unanswered_returns: 0, executable: true } }",
        "PhysicalTransition { tick: 7, phase: 0, event: OutputChoiceResolved { ordinary_target: JunctionId(2), current_transition_target: None, coherent_effect_target: None, completed_cycle_target: None, computed_winner_target: JunctionId(2), admitted: [OutputAdmission { target: JunctionId(2), owner: None }], computed_winner_basis: Ordinary, admission_basis: Ordinary, completed_cycle_state: Missing, crosses_ownership_view: false } }",
        "PhysicalTransition { tick: 7, phase: 0, event: PhysicalTransitionContinuationEvaluated { target: JunctionId(1), owner: None, current_owner_transition: false, unanswered_returns: 0, admitted: false } }",
        "PhysicalTransition { tick: 7, phase: 0, event: CoherentEffectEvaluated { target: JunctionId(1), owner: None, latest_unanswered_opened_tick: None, unanswered_returns: 0, admitted: false } }",
        "PhysicalTransition { tick: 7, phase: 0, event: CompletedCycleContinuationEvaluated { target: JunctionId(1), owner: None, consequence_tick: None, consequence_witnesses: [], unique_latest_tick: None, crosses_ownership_view: false, admitted: false } }",
        "PhysicalTransition { tick: 7, phase: 0, event: CandidateSelection { target: JunctionId(1), origin_scope: None, consequence_tick: None, admitted: false } }",
        "PhysicalTransition { tick: 7, phase: 0, event: PhysicalTransitionContinuationEvaluated { target: JunctionId(2), owner: None, current_owner_transition: false, unanswered_returns: 0, admitted: false } }",
        "PhysicalTransition { tick: 7, phase: 0, event: CoherentEffectEvaluated { target: JunctionId(2), owner: None, latest_unanswered_opened_tick: None, unanswered_returns: 0, admitted: false } }",
        "PhysicalTransition { tick: 7, phase: 0, event: CompletedCycleContinuationEvaluated { target: JunctionId(2), owner: None, consequence_tick: None, consequence_witnesses: [], unique_latest_tick: None, crosses_ownership_view: false, admitted: false } }",
        "PhysicalTransition { tick: 7, phase: 0, event: CandidateSelection { target: JunctionId(2), origin_scope: None, consequence_tick: None, admitted: true } }",
        "PhysicalTransition { tick: 7, phase: 0, event: Output(Output { tick: 7, from_physical: 20001, to_physical: 30001, from_region: 0, to_region: 1, impulse: 1 }) }",
    ],
]
note: run with `RUST_BACKTRACE=1` environment variable to display a backtrace
test regulation_outcome_boundary_attachment_closes_first_return ... FAILED

failures:

failures:
    regulation_outcome_boundary_attachment_closes_first_return

test result: FAILED. 0 passed; 1 failed; 0 ignored; 0 measured; 16 filtered out; finished in 0.00s

error: test failed, to rerun pass `-p truelearner-embodiment --test runtime_attachment`
