AH0_HANDLE_ORDERING_REMOVAL_STATIC_AUDIT_OK
AH0_ONE_FILE_RUNTIME_CLOSURE_OK
   Compiling truelearner-arena-format v0.1.0 (/home/user/truelearner/truelearner/crates/arena-format)
   Compiling truelearner-core v0.1.0 (/home/user/truelearner/truelearner/crates/core)
warning: unused variable: `causal_wave`
    --> crates/core/src/lib.rs:3716:9
     |
3716 |         causal_wave: u64,
     |         ^^^^^^^^^^^ help: if this is intentional, prefix it with an underscore: `_causal_wave`
     |
     = note: `#[warn(unused_variables)]` (part of `#[warn(unused)]`) on by default

warning: `truelearner-core` (lib) generated 1 warning (1 duplicate)
warning: `truelearner-core` (lib test) generated 1 warning (run `cargo fix --lib -p truelearner-core --tests` to apply 1 suggestion)
    Finished `release` profile [optimized] target(s) in 6.59s
     Running unittests src/lib.rs (/home/user/truelearner-target/release/deps/truelearner_core-8b56b0eff6757875)

running 1 test
test tests::r1_r5_mechanical_prefixes_preserve_physics ... ok

test result: ok. 1 passed; 0 failed; 0 ignored; 0 measured; 13 filtered out; finished in 0.00s

     Running unittests src/main.rs (/home/user/truelearner-target/release/deps/truelearner-201835d23bc200bc)

running 0 tests

test result: ok. 0 passed; 0 failed; 0 ignored; 0 measured; 0 filtered out; finished in 0.00s

    Updating crates.io index
     Locking 12 packages to latest compatible versions
      Adding generic-array v0.14.7 (available: v0.14.9)
   Compiling truelearner-arena-format v0.1.0 (/home/user/truelearner/truelearner/crates/arena-format)
   Compiling truelearner-core v0.1.0 (/home/user/truelearner/truelearner/crates/core)
warning: unused variable: `causal_wave`
    --> /home/user/truelearner/truelearner/crates/core/src/lib.rs:3716:9
     |
3716 |         causal_wave: u64,
     |         ^^^^^^^^^^^ help: if this is intentional, prefix it with an underscore: `_causal_wave`
     |
     = note: `#[warn(unused_variables)]` (part of `#[warn(unused)]`) on by default

warning: `truelearner-core` (lib) generated 1 warning (run `cargo fix --lib -p truelearner-core` to apply 1 suggestion)
   Compiling r6-partition-invariance-ah0 v0.1.0 (/home/user/truelearner/experiments/verification/r6-partition-invariance-ah0)
    Finished `release` profile [optimized] target(s) in 3.97s
     Running `/home/user/truelearner-target/release/r6-partition-invariance-ah0 --output results/ws0_complete_causal_wave_semantics_v2/retained/r6`
R6_PARTITION_INVARIANCE_AH0_SUCCESSOR_PASS worlds=6 comparisons=36 checkpoint_controls=2/2 clauses=38/38 output=results/ws0_complete_causal_wave_semantics_v2/retained/r6
    Updating crates.io index
     Locking 12 packages to latest compatible versions
      Adding generic-array v0.14.7 (available: v0.14.9)
   Compiling truelearner-core v0.1.0 (/home/user/truelearner/truelearner/crates/core)
   Compiling si0-simultaneous-local-incidence v0.1.0 (/home/user/truelearner/experiments/arms/si0-simultaneous-local-incidence)
    Finished `release` profile [optimized] target(s) in 4.21s
     Running `/home/user/truelearner-target/release/si0-simultaneous-local-incidence results/ws0_complete_causal_wave_semantics_v2/retained/si0`
SI0_SIMULTANEOUS_LOCAL_INCIDENCE_POSITIVE_V2
    Updating crates.io index
     Locking 12 packages to latest compatible versions
      Adding generic-array v0.14.7 (available: v0.14.9)
warning: unused variable: `causal_wave`
    --> /home/user/truelearner/truelearner/crates/core/src/lib.rs:3716:9
     |
3716 |         causal_wave: u64,
     |         ^^^^^^^^^^^ help: if this is intentional, prefix it with an underscore: `_causal_wave`
     |
     = note: `#[warn(unused_variables)]` (part of `#[warn(unused)]`) on by default

warning: `truelearner-core` (lib) generated 1 warning (run `cargo fix --lib -p truelearner-core` to apply 1 suggestion)
   Compiling ah0-cpc0-parent-differential v0.1.0 (/home/user/truelearner/experiments/arms/ah0-cpc0-parent-differential)
    Finished `release` profile [optimized] target(s) in 0.65s
     Running `/home/user/truelearner-target/release/ah0-cpc0-parent-differential results/ws0_complete_causal_wave_semantics_v2/retained/cpc0`
AH0_CPC0_PARENT_DIFFERENTIAL_COMPLETE cases=220 rows=440
    Updating crates.io index
     Locking 12 packages to latest compatible versions
      Adding generic-array v0.14.7 (available: v0.14.9)
   Compiling truelearner-core v0.1.0 (/home/user/truelearner/truelearner/crates/core)
warning: unused variable: `causal_wave`
    --> /home/user/truelearner/truelearner/crates/core/src/lib.rs:3716:9
     |
3716 |         causal_wave: u64,
     |         ^^^^^^^^^^^ help: if this is intentional, prefix it with an underscore: `_causal_wave`
     |
     = note: `#[warn(unused_variables)]` (part of `#[warn(unused)]`) on by default

warning: `truelearner-core` (lib) generated 1 warning (run `cargo fix --lib -p truelearner-core` to apply 1 suggestion)
   Compiling cpc1-local-temporal-participation v0.1.0 (/home/user/truelearner/experiments/arms/cpc1-local-temporal-participation)
    Finished `release` profile [optimized] target(s) in 4.05s
     Running `/home/user/truelearner-target/release/cpc1-local-temporal-participation results/ws0_complete_causal_wave_semantics_v2/retained/cpc1`
CPC1_COMPLETE curve=440 controls=180 total=620
    Updating crates.io index
     Locking 12 packages to latest compatible versions
      Adding generic-array v0.14.7 (available: v0.14.9)
   Compiling truelearner-core v0.1.0 (/home/user/truelearner/truelearner/crates/core)
warning: unused variable: `causal_wave`
    --> /home/user/truelearner/truelearner/crates/core/src/lib.rs:3716:9
     |
3716 |         causal_wave: u64,
     |         ^^^^^^^^^^^ help: if this is intentional, prefix it with an underscore: `_causal_wave`
     |
     = note: `#[warn(unused_variables)]` (part of `#[warn(unused)]`) on by default

warning: `truelearner-core` (lib) generated 1 warning (run `cargo fix --lib -p truelearner-core` to apply 1 suggestion)
   Compiling pqlc0-participation-qualified-local-closure v0.1.0 (/home/user/truelearner/experiments/arms/pqlc0-participation-qualified-local-closure)
    Finished `release` profile [optimized] target(s) in 4.04s
     Running `/home/user/truelearner-target/release/pqlc0-participation-qualified-local-closure results/ws0_complete_causal_wave_semantics_v2/retained/pqlc0`
PQLC0_COMPLETE physical_cases=200 positive=true cycle_work=1247
    Updating crates.io index
     Locking 12 packages to latest compatible versions
      Adding generic-array v0.14.7 (available: v0.14.9)
warning: unused variable: `causal_wave`
    --> /home/user/truelearner/truelearner/crates/core/src/lib.rs:3716:9
     |
3716 |         causal_wave: u64,
     |         ^^^^^^^^^^^ help: if this is intentional, prefix it with an underscore: `_causal_wave`
     |
     = note: `#[warn(unused_variables)]` (part of `#[warn(unused)]`) on by default

warning: `truelearner-core` (lib) generated 1 warning (run `cargo fix --lib -p truelearner-core` to apply 1 suggestion)
   Compiling pqlc1-depth-composition v0.1.0 (/home/user/truelearner/experiments/arms/pqlc1-depth-composition)
    Finished `release` profile [optimized] target(s) in 0.92s
     Running `/home/user/truelearner-target/release/pqlc1-depth-composition results/ws0_complete_causal_wave_semantics_v2/retained/pqlc1`
PQLC1_COMPLETE physical_cases=780 positive=true
    Updating crates.io index
     Locking 12 packages to latest compatible versions
      Adding generic-array v0.14.7 (available: v0.14.9)
warning: unused variable: `causal_wave`
    --> /home/user/truelearner/truelearner/crates/core/src/lib.rs:3716:9
     |
3716 |         causal_wave: u64,
     |         ^^^^^^^^^^^ help: if this is intentional, prefix it with an underscore: `_causal_wave`
     |
     = note: `#[warn(unused_variables)]` (part of `#[warn(unused)]`) on by default

warning: `truelearner-core` (lib) generated 1 warning (run `cargo fix --lib -p truelearner-core` to apply 1 suggestion)
   Compiling fd0-phase-free-local-forgetting v0.1.0 (/home/user/truelearner/experiments/arms/fd0-phase-free-local-forgetting)
    Finished `release` profile [optimized] target(s) in 0.77s
     Running `/home/user/truelearner-target/release/fd0-phase-free-local-forgetting results/ws0_complete_causal_wave_semantics_v2/retained/fd0`
FD0_COMPLETE physical_cases=100 pass=true
    Updating crates.io index
     Locking 12 packages to latest compatible versions
      Adding generic-array v0.14.7 (available: v0.14.9)
warning: unused variable: `causal_wave`
    --> /home/user/truelearner/truelearner/crates/core/src/lib.rs:3716:9
     |
3716 |         causal_wave: u64,
     |         ^^^^^^^^^^^ help: if this is intentional, prefix it with an underscore: `_causal_wave`
     |
     = note: `#[warn(unused_variables)]` (part of `#[warn(unused)]`) on by default

warning: `truelearner-core` (lib) generated 1 warning (run `cargo fix --lib -p truelearner-core` to apply 1 suggestion)
   Compiling fd1-consequence-consolidation v0.1.0 (/home/user/truelearner/experiments/arms/fd1-consequence-consolidation)
    Finished `release` profile [optimized] target(s) in 0.87s
     Running `/home/user/truelearner-target/release/fd1-consequence-consolidation --v3 results/ws0_complete_causal_wave_semantics_v2/retained/fd1`
FD1_COMPLETE version=v3 physical_cases=140 pass=true
    Updating crates.io index
     Locking 12 packages to latest compatible versions
      Adding generic-array v0.14.7 (available: v0.14.9)
   Compiling truelearner-core v0.1.0 (/home/user/truelearner/truelearner/crates/core)
warning: unused variable: `causal_wave`
    --> /home/user/truelearner/truelearner/crates/core/src/lib.rs:3716:9
     |
3716 |         causal_wave: u64,
     |         ^^^^^^^^^^^ help: if this is intentional, prefix it with an underscore: `_causal_wave`
     |
     = note: `#[warn(unused_variables)]` (part of `#[warn(unused)]`) on by default

warning: `truelearner-core` (lib) generated 1 warning (run `cargo fix --lib -p truelearner-core` to apply 1 suggestion)
   Compiling j0-junction-derived-lifetime v0.1.0 (/home/user/truelearner/experiments/arms/j0-junction-derived-lifetime)
    Finished `release` profile [optimized] target(s) in 4.09s
     Running `/home/user/truelearner-target/release/j0-junction-derived-lifetime results/ws0_complete_causal_wave_semantics_v2/retained/j0`
J0_JUNCTION_MODEL_POSITIVE_V1
    Updating crates.io index
     Locking 12 packages to latest compatible versions
      Adding generic-array v0.14.7 (available: v0.14.9)
   Compiling truelearner-core v0.1.0 (/home/user/truelearner/truelearner/crates/core)
warning: unused variable: `causal_wave`
    --> /home/user/truelearner/truelearner/crates/core/src/lib.rs:3716:9
     |
3716 |         causal_wave: u64,
     |         ^^^^^^^^^^^ help: if this is intentional, prefix it with an underscore: `_causal_wave`
     |
     = note: `#[warn(unused_variables)]` (part of `#[warn(unused)]`) on by default

warning: `truelearner-core` (lib) generated 1 warning (run `cargo fix --lib -p truelearner-core` to apply 1 suggestion)
   Compiling cv0-bounded-local-contact-genesis v0.1.0 (/home/user/truelearner/experiments/arms/cv0-bounded-local-contact-genesis)
    Finished `release` profile [optimized] target(s) in 4.66s
     Running `/home/user/truelearner-target/release/cv0-bounded-local-contact-genesis full results/ws0_complete_causal_wave_semantics_v2/retained/cv0`
CV0_J0_BOUNDED_LOCAL_CONTACT_GENESIS_POSITIVE_V1
AH0_RETAINED_DIFFERENTIAL_GATE_POSITIVE_V1
