   Compiling truelearner-core v0.1.0 (/private/tmp/truelearner-calibration-authority-v2.BtxRFg/truelearner/crates/core)
    Finished `test` profile [optimized + debuginfo] target(s) in 1.84s
     Running unittests src/lib.rs (/tmp/truelearner-calibration-authority-v2-target.XSYAfC/debug/deps/truelearner_core-e7bc8067e14f8e22)

running 17 tests
test choose::completed_cycle_tests::bounded_construction_continuation_is_eligible_only_for_its_first_choice ... ok
test choose::completed_cycle_tests::causal_origin_product_preserves_overlap_transitivity_and_unknowns ... ok
test choose::completed_cycle_tests::causal_origin_product_splits_disjoint_nearby_outputs ... ok
test choose::completed_cycle_tests::causal_path_product_uses_completed_path_origins_not_immediate_origins ... ok
test choose::completed_cycle_tests::causal_origin_product_is_invariant_to_candidate_order ... ok
test choose::completed_cycle_tests::completed_cycle_consequence_witnesses_select_live_completing_exact_generation ... ok
test choose::completed_cycle_tests::output_choice_resolution_classifies_completed_cycle_evidence ... ok
test choose::completed_cycle_tests::organism_consequence_is_exact_and_consumed_once_without_losing_history ... ok
test choose::completed_cycle_tests::causal_topology_product_groups_connected_outcomes_and_splits_disconnected_ones ... ok
test choose::completed_cycle_tests::return_bearing_continuation_rejects_samples_unbalanced_paths_and_single_origin_release ... ok
test choose::completed_cycle_tests::return_bearing_continuation_prefers_promoted_then_unique_latest_current_path ... ok
test choose::completed_cycle_tests::return_bearing_continuation_requires_opt_in_current_transition_and_return ... ok
test learner::tests::bounded_construction_continuation_consumes_exact_memory_without_refreshing_tick ... ok
test learner::tests::construction_outcome_composition_selects_only_live_same_tick_lineage ... ok
test timing_wheel::tests::timing_wheel_comparison_attribution_partitions_the_existing_total ... ok
test timing_wheel::tests::timing_wheel_wave_preserves_causal_order_and_residual ... ok
test timing_wheel::tests::timing_wheel_wave_comparisons_scale_linearly ... ok

test result: ok. 17 passed; 0 failed; 0 ignored; 0 measured; 0 filtered out; finished in 0.00s

     Running tests/harness_boundary.rs (/tmp/truelearner-calibration-authority-v2-target.XSYAfC/debug/deps/harness_boundary-00ff295944157636)

running 69 tests
test autonomous_reuse_diagnostics_are_observational_only ... ok
test boundary_novelty_allows_adjacent_expansion_with_a_new_physical_member ... ok
test causal_lineage_candidate_preserves_actual_origins_without_changing_impulse ... ok
test causal_lineage_candidate_is_order_independent_and_duplicate_free ... ok
test causal_lineage_candidate_preserves_replay_and_old_protocol ... ok
test boundary_effect_reentry_reference_exposes_cross_region_path_genesis ... ok
test boundary_effect_reentry_external_surface_discriminates_terminal_from_regional_law ... ok
test bounded_fresh_opportunity_controls_answered_old_protocol_and_reflection ... ok
test boundary_effect_reentry_terminal_preserves_effect_but_blocks_effect_born_genesis ... ok
test bounded_fresh_opportunity_exposes_one_balanced_local_candidate ... ok
test autonomous_reuse_diagnostics_order_owned_surface_path_and_candidate ... ok
test boundary_effect_reentry_candidates_preserve_same_region_path_formation ... ok
test boundary_novelty_preserves_inherited_distance_three_return_rejection ... ok
test causal_local_outcome_global_reference_credits_both_participating_paths ... ok
test causal_local_outcome_credits_only_the_physically_wired_path ... ok
test causal_local_outcome_shuffled_wiring_credits_the_wrong_path ... ok
test causal_local_outcome_rejects_duplicate_output_wiring - should panic ... ok
test causal_origin_ownership_factorization_bounded_send_reports_non_quiescence ... ok
test checkpoint_and_reads_preserve_body_time_and_protocol ... ok
test boundary_novelty_constructs_distinct_root_siblings_in_either_order ... ok
test consequence_born_return_rejects_preopening_origin_without_writing ... ok
test completed_cycle_composes_truthful_returns_but_not_samples ... ok
test consequence_born_return_preserves_genuinely_later_local_return ... ok
test boundary_novelty_rejects_exact_owned_repetition_and_replays ... ok
test causal_origin_ownership_factorization_selects_one_origin_and_replays ... ok
test distinct_opportunity_origins_still_compose_across_topology ... ok
test consequence_born_closure_is_strict_duplicate_free_and_replays ... ok
test input_forms_complete_signed_paths ... ok
test input_without_near_output_forms_no_path ... ok
test consequence_born_cohort_rejects_repeated_coactivity_and_keeps_delayed_consequence ... ok
test junction_chooses_one_path_and_output_fires ... ok
test outcome_does_not_form_a_missing_return ... ignored, adversarial causal boundary
test local_motor_competition_does_not_suppress_far_outputs ... ok
test coherent_unresolved_effect_holds_once_then_releases ... ok
test outcome_strengthens_used_links_only_before_the_time_boundary ... ignored, adversarial time boundary
test opportunity_owner_relation_partitions_actual_ancestry ... ok
test consequence_born_eligible_return_priority_completes_temporal_cohort_composition ... ok
test consequence_born_temporal_only_rejects_first_coactivity_but_reuses_old_sibling ... ok
test outcome_returns_through_every_used_link ... ok
test organism_root_fresh_opportunity_is_protocol_scoped ... ok
test output_choice_resolution_matches_existing_admissions ... ok
test physical_diagnostics_are_opt_in_pure_and_replayable ... ok
test construction_outcome_composition_preserves_the_same_tick_exact_lineage ... ok
test physical_diagnostics_explain_origin_resolution_and_return_decisions ... ok
test physical_diagnostics_explain_reverse_path_failures ... ok
test local_motor_competition_explores_then_reuses_consequence ... ok
test physical_transition_return_rejects_later_sample_but_admits_matched_transition ... ok
test physical_transition_continuation_is_cumulative_and_protocol_scoped ... ok
test drive_provenance_reports_path_owner_separately_from_carried_origin_owner ... ok
test physical_transition_return_preserves_sampling_for_old_protocols_and_replay ... ok
test pre_executability_diagnostics_report_signed_drive_and_live_returns_observationally ... ok
test sensorimotor_candidate_uses_current_proprioception_to_cross_motor_threshold ... ok
test sensorimotor_candidate_consolidates_actual_surface_consequence_for_reverse_execution ... ok
test shared_opportunity_origin_is_already_a_bounded_choice ... ok
test recursive_learner_rejects_noncausal_and_single_closure_controls ... ok
test strengthened_path_fires_on_later_input ... ok
test unanswered_local_return_keeps_a_valid_delay_without_competition ... ok
test recursive_learner_constructs_once_from_repeated_actual_closure_and_replays ... ok
test sensorimotor_candidate_preserves_valid_return_expires_stale_return_and_replays ... ok
test used_path_holds_return_until_later_outcome ... ok
test unanswered_local_return_deferral_exposes_one_neighbor ... ok
test unanswered_local_return_replacement_does_not_suppress_a_far_output ... ok
test unanswered_local_return_replacement_closes_only_the_displaced_return ... ok
test unanswered_local_return_protocol_reflects_and_survives_checkpoint ... ok
test recursive_learner_children_start_with_fresh_return_memory ... ok
test recursive_learner_proprioceptive_opportunity_is_current_and_owner_local ... ok
test recursive_learner_proprioceptive_consequence_is_private_recent_and_replayable ... ok
test owner_local_factorization_turns_one_unique_private_group_into_one_effect ... ok
test sensorimotor_candidate_structural_work_follows_the_local_source_neighborhood ... ok

test result: ok. 67 passed; 0 failed; 2 ignored; 0 measured; 0 filtered out; finished in 0.01s

     Running tests/runtime_attachment.rs (/tmp/truelearner-calibration-authority-v2-target.XSYAfC/debug/deps/runtime_attachment-442a74ec5f9f2dab)

running 9 tests
test runtime_attachment_spec_makes_invalid_local_topology_unrepresentable ... ok
test runtime_attachment_refuses_pending_activity_without_mutation ... ok
test runtime_attachment_capacity_failure_rolls_back_exactly ... ok
test runtime_attachment_adds_no_motor_map_and_uses_ordinary_formation ... ok
test physical_cycle_closure_rejects_ambiguous_participating_paths ... ok
test physical_cycle_closure_returns_on_the_used_path_before_another_action ... ok
test runtime_attachment_is_atomic_quiet_and_checkpointed ... ok
test physical_cycle_closure_treats_samples_and_unrelated_causes_as_identity ... ok
test physical_cycle_composition_forms_one_existing_learner_and_ignores_attachment_order ... ok

test result: ok. 9 passed; 0 failed; 0 ignored; 0 measured; 0 filtered out; finished in 0.00s

   Doc-tests truelearner_core

running 0 tests

test result: ok. 0 passed; 0 failed; 0 ignored; 0 measured; 0 filtered out; finished in 0.00s

