   Compiling truelearner-embodiment v0.1.0 (/Users/satya/work/br/truelearner-core0/truelearner/crates/embodiment)
    Finished `test` profile [optimized + debuginfo] target(s) in 1.35s
     Running tests/runtime_attachment.rs (truelearner/target/debug/deps/runtime_attachment-84fb746bf06bb17b)

running 1 test

thread 'regulation_factored_change_returns_from_both_disturbances' (301761048) panicked at crates/embodiment/tests/runtime_attachment.rs:862:5:
positive: RegulationRun {
    positions: [
        2,
        1,
        2,
        3,
        4,
        4,
        4,
        4,
        4,
        4,
        4,
        4,
        4,
        4,
        4,
        4,
        4,
        4,
        4,
        4,
        4,
        4,
        4,
        4,
        4,
        4,
        4,
        4,
        4,
        4,
        4,
        4,
    ],
    directions: [
        -1,
        -1,
        1,
        1,
        1,
        1,
        0,
        0,
        0,
        0,
        0,
        0,
        0,
        0,
        0,
        0,
        0,
        0,
        0,
        0,
        0,
        0,
        0,
        0,
        0,
        0,
        0,
        0,
        0,
        0,
        0,
        0,
    ],
    output_origins: [
        [
            20000,
        ],
        [
            20000,
        ],
        [
            20001,
        ],
        [
            20001,
        ],
        [
            20001,
        ],
        [
            20001,
        ],
        [],
        [],
        [],
        [],
        [],
        [],
        [],
        [],
        [],
        [],
        [],
        [],
        [],
        [],
        [],
        [],
        [],
        [],
        [],
        [],
        [],
        [],
        [],
        [],
        [],
        [],
    ],
    consequence_observed: [
        false,
        false,
        false,
        false,
        false,
        false,
        false,
        false,
        false,
        false,
        false,
        false,
        false,
        false,
        false,
        false,
        false,
        false,
        false,
        false,
        false,
        false,
        false,
        false,
        false,
        false,
        false,
        false,
        false,
        false,
        false,
        false,
    ],
    decision_trace: [
        [
            "PhysicalTransition { tick: 4, phase: 0, event: OutputCandidateEvaluated { target: JunctionId(1), ownership: Organism, path_inputs: 6, path_origins: [90001], distinct_path_origins: 1, distinct_path_owners: 0, positive_path_strength: 12884901888, negative_path_strength: 12884901888, opportunity: 4294967296, supplied_opportunity: 0, admitted_drive: 12884901888, projected_drive: 17179869184, threshold: 8589934592, consequence_tick: None, unanswered_returns: 0, executable: true } }",
            "PhysicalTransition { tick: 4, phase: 0, event: OutputCandidateEvaluated { target: JunctionId(2), ownership: Organism, path_inputs: 6, path_origins: [90001], distinct_path_origins: 1, distinct_path_owners: 0, positive_path_strength: 12884901888, negative_path_strength: 12884901888, opportunity: 4294967296, supplied_opportunity: 0, admitted_drive: 12884901888, projected_drive: 17179869184, threshold: 8589934592, consequence_tick: None, unanswered_returns: 0, executable: true } }",
            "PhysicalTransition { tick: 4, phase: 0, event: OutputChoiceResolved { ordinary_target: JunctionId(1), current_transition_target: None, coherent_effect_target: None, completed_cycle_target: None, computed_winner_target: JunctionId(1), admitted: [OutputAdmission { target: JunctionId(1), owner: None }], computed_winner_basis: Ordinary, admission_basis: Ordinary, completed_cycle_state: Missing, crosses_ownership_view: false } }",
            "PhysicalTransition { tick: 4, phase: 0, event: PhysicalTransitionContinuationEvaluated { target: JunctionId(1), owner: None, current_owner_transition: false, unanswered_returns: 0, admitted: false } }",
            "PhysicalTransition { tick: 4, phase: 0, event: CoherentEffectEvaluated { target: JunctionId(1), owner: None, latest_unanswered_opened_tick: None, unanswered_returns: 0, admitted: false } }",
            "PhysicalTransition { tick: 4, phase: 0, event: CompletedCycleContinuationEvaluated { target: JunctionId(1), owner: None, consequence_tick: None, consequence_witnesses: [], unique_latest_tick: None, crosses_ownership_view: false, admitted: false } }",
            "PhysicalTransition { tick: 4, phase: 0, event: CandidateSelection { target: JunctionId(1), origin_scope: None, consequence_tick: None, admitted: true } }",
            "PhysicalTransition { tick: 4, phase: 0, event: PhysicalTransitionContinuationEvaluated { target: JunctionId(2), owner: None, current_owner_transition: false, unanswered_returns: 0, admitted: false } }",
            "PhysicalTransition { tick: 4, phase: 0, event: CoherentEffectEvaluated { target: JunctionId(2), owner: None, latest_unanswered_opened_tick: None, unanswered_returns: 0, admitted: false } }",
            "PhysicalTransition { tick: 4, phase: 0, event: CompletedCycleContinuationEvaluated { target: JunctionId(2), owner: None, consequence_tick: None, consequence_witnesses: [], unique_latest_tick: None, crosses_ownership_view: false, admitted: false } }",
            "PhysicalTransition { tick: 4, phase: 0, event: CandidateSelection { target: JunctionId(2), origin_scope: None, consequence_tick: None, admitted: false } }",
            "PhysicalTransition { tick: 4, phase: 0, event: Output(Output { tick: 4, from_physical: 20000, to_physical: 30000, from_region: 0, to_region: 1, impulse: 1 }) }",
        ],
        [
            "PhysicalTransition { tick: 7, phase: 0, event: OutputCandidateEvaluated { target: JunctionId(1), ownership: Organism, path_inputs: 2, path_origins: [20000], distinct_path_origins: 1, distinct_path_owners: 0, positive_path_strength: 4294967296, negative_path_strength: 4294967296, opportunity: 4294967296, supplied_opportunity: 0, admitted_drive: 4294967296, projected_drive: 8589934592, threshold: 8589934592, consequence_tick: None, unanswered_returns: 1, executable: true } }",
            "PhysicalTransition { tick: 7, phase: 0, event: OutputCandidateEvaluated { target: JunctionId(2), ownership: Organism, path_inputs: 2, path_origins: [20000], distinct_path_origins: 1, distinct_path_owners: 0, positive_path_strength: 4294967296, negative_path_strength: 4294967296, opportunity: 4294967296, supplied_opportunity: 0, admitted_drive: 4294967296, projected_drive: 8589934592, threshold: 8589934592, consequence_tick: None, unanswered_returns: 0, executable: true } }",
            "PhysicalTransition { tick: 7, phase: 0, event: OutputChoiceResolved { ordinary_target: JunctionId(2), current_transition_target: None, coherent_effect_target: Some(JunctionId(1)), completed_cycle_target: None, computed_winner_target: JunctionId(1), admitted: [OutputAdmission { target: JunctionId(1), owner: None }], computed_winner_basis: CoherentEffect, admission_basis: CoherentEffect, completed_cycle_state: Missing, crosses_ownership_view: false } }",
            "PhysicalTransition { tick: 7, phase: 0, event: PhysicalTransitionContinuationEvaluated { target: JunctionId(1), owner: None, current_owner_transition: false, unanswered_returns: 1, admitted: false } }",
            "PhysicalTransition { tick: 7, phase: 0, event: CoherentEffectEvaluated { target: JunctionId(1), owner: None, latest_unanswered_opened_tick: Some(4), unanswered_returns: 1, admitted: true } }",
            "PhysicalTransition { tick: 7, phase: 0, event: CompletedCycleContinuationEvaluated { target: JunctionId(1), owner: None, consequence_tick: None, consequence_witnesses: [], unique_latest_tick: None, crosses_ownership_view: false, admitted: false } }",
            "PhysicalTransition { tick: 7, phase: 0, event: CandidateSelection { target: JunctionId(1), origin_scope: None, consequence_tick: None, admitted: true } }",
            "PhysicalTransition { tick: 7, phase: 0, event: PhysicalTransitionContinuationEvaluated { target: JunctionId(2), owner: None, current_owner_transition: false, unanswered_returns: 0, admitted: false } }",
            "PhysicalTransition { tick: 7, phase: 0, event: CoherentEffectEvaluated { target: JunctionId(2), owner: None, latest_unanswered_opened_tick: None, unanswered_returns: 0, admitted: false } }",
            "PhysicalTransition { tick: 7, phase: 0, event: CompletedCycleContinuationEvaluated { target: JunctionId(2), owner: None, consequence_tick: None, consequence_witnesses: [], unique_latest_tick: None, crosses_ownership_view: false, admitted: false } }",
            "PhysicalTransition { tick: 7, phase: 0, event: CandidateSelection { target: JunctionId(2), origin_scope: None, consequence_tick: None, admitted: false } }",
            "PhysicalTransition { tick: 7, phase: 0, event: Output(Output { tick: 7, from_physical: 20000, to_physical: 30000, from_region: 0, to_region: 1, impulse: 1 }) }",
        ],
        [
            "PhysicalTransition { tick: 10, phase: 0, event: OutputCandidateEvaluated { target: JunctionId(1), ownership: Organism, path_inputs: 2, path_origins: [20000], distinct_path_origins: 1, distinct_path_owners: 0, positive_path_strength: 4294967296, negative_path_strength: 4294967296, opportunity: 4294967296, supplied_opportunity: 0, admitted_drive: 4294967296, projected_drive: 8589934592, threshold: 8589934592, consequence_tick: None, unanswered_returns: 1, executable: true } }",
            "PhysicalTransition { tick: 10, phase: 0, event: OutputCandidateEvaluated { target: JunctionId(2), ownership: Organism, path_inputs: 2, path_origins: [20000], distinct_path_origins: 1, distinct_path_owners: 0, positive_path_strength: 4294967296, negative_path_strength: 4294967296, opportunity: 4294967296, supplied_opportunity: 0, admitted_drive: 4294967296, projected_drive: 8589934592, threshold: 8589934592, consequence_tick: None, unanswered_returns: 0, executable: true } }",
            "PhysicalTransition { tick: 10, phase: 0, event: OutputChoiceResolved { ordinary_target: JunctionId(2), current_transition_target: None, coherent_effect_target: None, completed_cycle_target: None, computed_winner_target: JunctionId(2), admitted: [OutputAdmission { target: JunctionId(2), owner: None }], computed_winner_basis: Ordinary, admission_basis: Ordinary, completed_cycle_state: Missing, crosses_ownership_view: false } }",
            "PhysicalTransition { tick: 10, phase: 0, event: PhysicalTransitionContinuationEvaluated { target: JunctionId(1), owner: None, current_owner_transition: false, unanswered_returns: 1, admitted: false } }",
            "PhysicalTransition { tick: 10, phase: 0, event: CoherentEffectEvaluated { target: JunctionId(1), owner: None, latest_unanswered_opened_tick: Some(4), unanswered_returns: 1, admitted: false } }",
            "PhysicalTransition { tick: 10, phase: 0, event: CompletedCycleContinuationEvaluated { target: JunctionId(1), owner: None, consequence_tick: None, consequence_witnesses: [], unique_latest_tick: None, crosses_ownership_view: false, admitted: false } }",
            "PhysicalTransition { tick: 10, phase: 0, event: CandidateSelection { target: JunctionId(1), origin_scope: None, consequence_tick: None, admitted: false } }",
            "PhysicalTransition { tick: 10, phase: 0, event: PhysicalTransitionContinuationEvaluated { target: JunctionId(2), owner: None, current_owner_transition: false, unanswered_returns: 0, admitted: false } }",
            "PhysicalTransition { tick: 10, phase: 0, event: CoherentEffectEvaluated { target: JunctionId(2), owner: None, latest_unanswered_opened_tick: None, unanswered_returns: 0, admitted: false } }",
            "PhysicalTransition { tick: 10, phase: 0, event: CompletedCycleContinuationEvaluated { target: JunctionId(2), owner: None, consequence_tick: None, consequence_witnesses: [], unique_latest_tick: None, crosses_ownership_view: false, admitted: false } }",
            "PhysicalTransition { tick: 10, phase: 0, event: CandidateSelection { target: JunctionId(2), origin_scope: None, consequence_tick: None, admitted: true } }",
            "PhysicalTransition { tick: 10, phase: 0, event: Output(Output { tick: 10, from_physical: 20001, to_physical: 30001, from_region: 0, to_region: 1, impulse: 1 }) }",
        ],
        [
            "PhysicalTransition { tick: 13, phase: 0, event: OutputCandidateEvaluated { target: JunctionId(1), ownership: Organism, path_inputs: 1, path_origins: [20001], distinct_path_origins: 1, distinct_path_owners: 0, positive_path_strength: 4294967296, negative_path_strength: 0, opportunity: 4294967296, supplied_opportunity: 0, admitted_drive: 4294967296, projected_drive: 8589934592, threshold: 8589934592, consequence_tick: None, unanswered_returns: 1, executable: true } }",
            "PhysicalTransition { tick: 13, phase: 0, event: OutputCandidateEvaluated { target: JunctionId(2), ownership: Organism, path_inputs: 1, path_origins: [20001], distinct_path_origins: 1, distinct_path_owners: 0, positive_path_strength: 4294967296, negative_path_strength: 0, opportunity: 4294967296, supplied_opportunity: 0, admitted_drive: 4294967296, projected_drive: 8589934592, threshold: 8589934592, consequence_tick: None, unanswered_returns: 1, executable: true } }",
            "PhysicalTransition { tick: 13, phase: 0, event: OutputChoiceResolved { ordinary_target: JunctionId(1), current_transition_target: None, coherent_effect_target: Some(JunctionId(2)), completed_cycle_target: None, computed_winner_target: JunctionId(2), admitted: [OutputAdmission { target: JunctionId(2), owner: None }], computed_winner_basis: CoherentEffect, admission_basis: CoherentEffect, completed_cycle_state: Missing, crosses_ownership_view: false } }",
            "PhysicalTransition { tick: 13, phase: 0, event: PhysicalTransitionContinuationEvaluated { target: JunctionId(1), owner: None, current_owner_transition: false, unanswered_returns: 1, admitted: false } }",
            "PhysicalTransition { tick: 13, phase: 0, event: CoherentEffectEvaluated { target: JunctionId(1), owner: None, latest_unanswered_opened_tick: Some(4), unanswered_returns: 1, admitted: false } }",
            "PhysicalTransition { tick: 13, phase: 0, event: CompletedCycleContinuationEvaluated { target: JunctionId(1), owner: None, consequence_tick: None, consequence_witnesses: [], unique_latest_tick: None, crosses_ownership_view: false, admitted: false } }",
            "PhysicalTransition { tick: 13, phase: 0, event: CandidateSelection { target: JunctionId(1), origin_scope: None, consequence_tick: None, admitted: false } }",
            "PhysicalTransition { tick: 13, phase: 0, event: PhysicalTransitionContinuationEvaluated { target: JunctionId(2), owner: None, current_owner_transition: false, unanswered_returns: 1, admitted: false } }",
            "PhysicalTransition { tick: 13, phase: 0, event: CoherentEffectEvaluated { target: JunctionId(2), owner: None, latest_unanswered_opened_tick: Some(10), unanswered_returns: 1, admitted: true } }",
            "PhysicalTransition { tick: 13, phase: 0, event: CompletedCycleContinuationEvaluated { target: JunctionId(2), owner: None, consequence_tick: None, consequence_witnesses: [], unique_latest_tick: None, crosses_ownership_view: false, admitted: false } }",
            "PhysicalTransition { tick: 13, phase: 0, event: CandidateSelection { target: JunctionId(2), origin_scope: None, consequence_tick: None, admitted: true } }",
            "PhysicalTransition { tick: 13, phase: 0, event: Output(Output { tick: 13, from_physical: 20001, to_physical: 30001, from_region: 0, to_region: 1, impulse: 1 }) }",
        ],
        [
            "PhysicalTransition { tick: 16, phase: 0, event: OutputCandidateEvaluated { target: JunctionId(1), ownership: Organism, path_inputs: 2, path_origins: [20001], distinct_path_origins: 1, distinct_path_owners: 0, positive_path_strength: 4294967296, negative_path_strength: 4294967296, opportunity: 4294967296, supplied_opportunity: 0, admitted_drive: 4294967296, projected_drive: 8589934592, threshold: 8589934592, consequence_tick: None, unanswered_returns: 1, executable: true } }",
            "PhysicalTransition { tick: 16, phase: 0, event: OutputCandidateEvaluated { target: JunctionId(2), ownership: Organism, path_inputs: 2, path_origins: [20001], distinct_path_origins: 1, distinct_path_owners: 0, positive_path_strength: 4294967296, negative_path_strength: 4294967296, opportunity: 4294967296, supplied_opportunity: 0, admitted_drive: 4294967296, projected_drive: 8589934592, threshold: 8589934592, consequence_tick: None, unanswered_returns: 0, executable: true } }",
            "PhysicalTransition { tick: 16, phase: 0, event: OutputChoiceResolved { ordinary_target: JunctionId(2), current_transition_target: None, coherent_effect_target: None, completed_cycle_target: None, computed_winner_target: JunctionId(2), admitted: [OutputAdmission { target: JunctionId(2), owner: None }], computed_winner_basis: Ordinary, admission_basis: Ordinary, completed_cycle_state: Missing, crosses_ownership_view: false } }",
            "PhysicalTransition { tick: 16, phase: 0, event: PhysicalTransitionContinuationEvaluated { target: JunctionId(1), owner: None, current_owner_transition: false, unanswered_returns: 1, admitted: false } }",
            "PhysicalTransition { tick: 16, phase: 0, event: CoherentEffectEvaluated { target: JunctionId(1), owner: None, latest_unanswered_opened_tick: Some(4), unanswered_returns: 1, admitted: false } }",
            "PhysicalTransition { tick: 16, phase: 0, event: CompletedCycleContinuationEvaluated { target: JunctionId(1), owner: None, consequence_tick: None, consequence_witnesses: [], unique_latest_tick: None, crosses_ownership_view: false, admitted: false } }",
            "PhysicalTransition { tick: 16, phase: 0, event: CandidateSelection { target: JunctionId(1), origin_scope: None, consequence_tick: None, admitted: false } }",
            "PhysicalTransition { tick: 16, phase: 0, event: PhysicalTransitionContinuationEvaluated { target: JunctionId(2), owner: None, current_owner_transition: false, unanswered_returns: 0, admitted: false } }",
            "PhysicalTransition { tick: 16, phase: 0, event: CoherentEffectEvaluated { target: JunctionId(2), owner: None, latest_unanswered_opened_tick: None, unanswered_returns: 0, admitted: false } }",
            "PhysicalTransition { tick: 16, phase: 0, event: CompletedCycleContinuationEvaluated { target: JunctionId(2), owner: None, consequence_tick: None, consequence_witnesses: [], unique_latest_tick: None, crosses_ownership_view: false, admitted: false } }",
            "PhysicalTransition { tick: 16, phase: 0, event: CandidateSelection { target: JunctionId(2), origin_scope: None, consequence_tick: None, admitted: true } }",
            "PhysicalTransition { tick: 16, phase: 0, event: Output(Output { tick: 16, from_physical: 20001, to_physical: 30001, from_region: 0, to_region: 1, impulse: 1 }) }",
        ],
        [
            "PhysicalTransition { tick: 19, phase: 0, event: OutputCandidateEvaluated { target: JunctionId(1), ownership: Organism, path_inputs: 2, path_origins: [20001], distinct_path_origins: 1, distinct_path_owners: 0, positive_path_strength: 4294967296, negative_path_strength: 4294967296, opportunity: 4294967296, supplied_opportunity: 0, admitted_drive: 4294967296, projected_drive: 8589934592, threshold: 8589934592, consequence_tick: None, unanswered_returns: 0, executable: true } }",
            "PhysicalTransition { tick: 19, phase: 0, event: OutputCandidateEvaluated { target: JunctionId(2), ownership: Organism, path_inputs: 2, path_origins: [20001], distinct_path_origins: 1, distinct_path_owners: 0, positive_path_strength: 4294967296, negative_path_strength: 4294967296, opportunity: 4294967296, supplied_opportunity: 0, admitted_drive: 4294967296, projected_drive: 8589934592, threshold: 8589934592, consequence_tick: None, unanswered_returns: 0, executable: true } }",
            "PhysicalTransition { tick: 19, phase: 0, event: OutputChoiceResolved { ordinary_target: JunctionId(2), current_transition_target: None, coherent_effect_target: None, completed_cycle_target: None, computed_winner_target: JunctionId(2), admitted: [OutputAdmission { target: JunctionId(2), owner: None }], computed_winner_basis: Ordinary, admission_basis: Ordinary, completed_cycle_state: Missing, crosses_ownership_view: false } }",
            "PhysicalTransition { tick: 19, phase: 0, event: PhysicalTransitionContinuationEvaluated { target: JunctionId(1), owner: None, current_owner_transition: false, unanswered_returns: 0, admitted: false } }",
            "PhysicalTransition { tick: 19, phase: 0, event: CoherentEffectEvaluated { target: JunctionId(1), owner: None, latest_unanswered_opened_tick: None, unanswered_returns: 0, admitted: false } }",
            "PhysicalTransition { tick: 19, phase: 0, event: CompletedCycleContinuationEvaluated { target: JunctionId(1), owner: None, consequence_tick: None, consequence_witnesses: [], unique_latest_tick: None, crosses_ownership_view: false, admitted: false } }",
            "PhysicalTransition { tick: 19, phase: 0, event: CandidateSelection { target: JunctionId(1), origin_scope: None, consequence_tick: None, admitted: false } }",
            "PhysicalTransition { tick: 19, phase: 0, event: PhysicalTransitionContinuationEvaluated { target: JunctionId(2), owner: None, current_owner_transition: false, unanswered_returns: 0, admitted: false } }",
            "PhysicalTransition { tick: 19, phase: 0, event: CoherentEffectEvaluated { target: JunctionId(2), owner: None, latest_unanswered_opened_tick: None, unanswered_returns: 0, admitted: false } }",
            "PhysicalTransition { tick: 19, phase: 0, event: CompletedCycleContinuationEvaluated { target: JunctionId(2), owner: None, consequence_tick: None, consequence_witnesses: [], unique_latest_tick: None, crosses_ownership_view: false, admitted: false } }",
            "PhysicalTransition { tick: 19, phase: 0, event: CandidateSelection { target: JunctionId(2), origin_scope: None, consequence_tick: None, admitted: true } }",
            "PhysicalTransition { tick: 19, phase: 0, event: Output(Output { tick: 19, from_physical: 20001, to_physical: 30001, from_region: 0, to_region: 1, impulse: 1 }) }",
        ],
        [
            "PhysicalTransition { tick: 22, phase: 0, event: OutputCandidateEvaluated { target: JunctionId(1), ownership: Organism, path_inputs: 0, path_origins: [], distinct_path_origins: 0, distinct_path_owners: 0, positive_path_strength: 0, negative_path_strength: 0, opportunity: 4294967296, supplied_opportunity: 0, admitted_drive: 0, projected_drive: 4294967296, threshold: 8589934592, consequence_tick: None, unanswered_returns: 0, executable: false } }",
            "PhysicalTransition { tick: 22, phase: 0, event: OutputCandidateEvaluated { target: JunctionId(2), ownership: Organism, path_inputs: 0, path_origins: [], distinct_path_origins: 0, distinct_path_owners: 0, positive_path_strength: 0, negative_path_strength: 0, opportunity: 4294967296, supplied_opportunity: 0, admitted_drive: 0, projected_drive: 4294967296, threshold: 8589934592, consequence_tick: None, unanswered_returns: 0, executable: false } }",
        ],
        [
            "PhysicalTransition { tick: 25, phase: 0, event: OutputCandidateEvaluated { target: JunctionId(1), ownership: Organism, path_inputs: 0, path_origins: [], distinct_path_origins: 0, distinct_path_owners: 0, positive_path_strength: 0, negative_path_strength: 0, opportunity: 4294967296, supplied_opportunity: 0, admitted_drive: 0, projected_drive: 4294967296, threshold: 8589934592, consequence_tick: None, unanswered_returns: 0, executable: false } }",
            "PhysicalTransition { tick: 25, phase: 0, event: OutputCandidateEvaluated { target: JunctionId(2), ownership: Organism, path_inputs: 0, path_origins: [], distinct_path_origins: 0, distinct_path_owners: 0, positive_path_strength: 0, negative_path_strength: 0, opportunity: 4294967296, supplied_opportunity: 0, admitted_drive: 0, projected_drive: 4294967296, threshold: 8589934592, consequence_tick: None, unanswered_returns: 0, executable: false } }",
        ],
        [
            "PhysicalTransition { tick: 28, phase: 0, event: OutputCandidateEvaluated { target: JunctionId(1), ownership: Organism, path_inputs: 0, path_origins: [], distinct_path_origins: 0, distinct_path_owners: 0, positive_path_strength: 0, negative_path_strength: 0, opportunity: 4294967296, supplied_opportunity: 0, admitted_drive: 0, projected_drive: 4294967296, threshold: 8589934592, consequence_tick: None, unanswered_returns: 0, executable: false } }",
            "PhysicalTransition { tick: 28, phase: 0, event: OutputCandidateEvaluated { target: JunctionId(2), ownership: Organism, path_inputs: 0, path_origins: [], distinct_path_origins: 0, distinct_path_owners: 0, positive_path_strength: 0, negative_path_strength: 0, opportunity: 4294967296, supplied_opportunity: 0, admitted_drive: 0, projected_drive: 4294967296, threshold: 8589934592, consequence_tick: None, unanswered_returns: 0, executable: false } }",
        ],
        [
            "PhysicalTransition { tick: 31, phase: 0, event: OutputCandidateEvaluated { target: JunctionId(1), ownership: Organism, path_inputs: 0, path_origins: [], distinct_path_origins: 0, distinct_path_owners: 0, positive_path_strength: 0, negative_path_strength: 0, opportunity: 4294967296, supplied_opportunity: 0, admitted_drive: 0, projected_drive: 4294967296, threshold: 8589934592, consequence_tick: None, unanswered_returns: 0, executable: false } }",
            "PhysicalTransition { tick: 31, phase: 0, event: OutputCandidateEvaluated { target: JunctionId(2), ownership: Organism, path_inputs: 0, path_origins: [], distinct_path_origins: 0, distinct_path_owners: 0, positive_path_strength: 0, negative_path_strength: 0, opportunity: 4294967296, supplied_opportunity: 0, admitted_drive: 0, projected_drive: 4294967296, threshold: 8589934592, consequence_tick: None, unanswered_returns: 0, executable: false } }",
        ],
        [
            "PhysicalTransition { tick: 34, phase: 0, event: OutputCandidateEvaluated { target: JunctionId(1), ownership: Organism, path_inputs: 0, path_origins: [], distinct_path_origins: 0, distinct_path_owners: 0, positive_path_strength: 0, negative_path_strength: 0, opportunity: 4294967296, supplied_opportunity: 0, admitted_drive: 0, projected_drive: 4294967296, threshold: 8589934592, consequence_tick: None, unanswered_returns: 0, executable: false } }",
            "PhysicalTransition { tick: 34, phase: 0, event: OutputCandidateEvaluated { target: JunctionId(2), ownership: Organism, path_inputs: 0, path_origins: [], distinct_path_origins: 0, distinct_path_owners: 0, positive_path_strength: 0, negative_path_strength: 0, opportunity: 4294967296, supplied_opportunity: 0, admitted_drive: 0, projected_drive: 4294967296, threshold: 8589934592, consequence_tick: None, unanswered_returns: 0, executable: false } }",
        ],
        [
            "PhysicalTransition { tick: 37, phase: 0, event: OutputCandidateEvaluated { target: JunctionId(1), ownership: Organism, path_inputs: 0, path_origins: [], distinct_path_origins: 0, distinct_path_owners: 0, positive_path_strength: 0, negative_path_strength: 0, opportunity: 4294967296, supplied_opportunity: 0, admitted_drive: 0, projected_drive: 4294967296, threshold: 8589934592, consequence_tick: None, unanswered_returns: 0, executable: false } }",
            "PhysicalTransition { tick: 37, phase: 0, event: OutputCandidateEvaluated { target: JunctionId(2), ownership: Organism, path_inputs: 0, path_origins: [], distinct_path_origins: 0, distinct_path_owners: 0, positive_path_strength: 0, negative_path_strength: 0, opportunity: 4294967296, supplied_opportunity: 0, admitted_drive: 0, projected_drive: 4294967296, threshold: 8589934592, consequence_tick: None, unanswered_returns: 0, executable: false } }",
        ],
        [
            "PhysicalTransition { tick: 40, phase: 0, event: OutputCandidateEvaluated { target: JunctionId(1), ownership: Organism, path_inputs: 0, path_origins: [], distinct_path_origins: 0, distinct_path_owners: 0, positive_path_strength: 0, negative_path_strength: 0, opportunity: 4294967296, supplied_opportunity: 0, admitted_drive: 0, projected_drive: 4294967296, threshold: 8589934592, consequence_tick: None, unanswered_returns: 0, executable: false } }",
            "PhysicalTransition { tick: 40, phase: 0, event: OutputCandidateEvaluated { target: JunctionId(2), ownership: Organism, path_inputs: 0, path_origins: [], distinct_path_origins: 0, distinct_path_owners: 0, positive_path_strength: 0, negative_path_strength: 0, opportunity: 4294967296, supplied_opportunity: 0, admitted_drive: 0, projected_drive: 4294967296, threshold: 8589934592, consequence_tick: None, unanswered_returns: 0, executable: false } }",
        ],
        [
            "PhysicalTransition { tick: 43, phase: 0, event: OutputCandidateEvaluated { target: JunctionId(1), ownership: Organism, path_inputs: 0, path_origins: [], distinct_path_origins: 0, distinct_path_owners: 0, positive_path_strength: 0, negative_path_strength: 0, opportunity: 4294967296, supplied_opportunity: 0, admitted_drive: 0, projected_drive: 4294967296, threshold: 8589934592, consequence_tick: None, unanswered_returns: 0, executable: false } }",
            "PhysicalTransition { tick: 43, phase: 0, event: OutputCandidateEvaluated { target: JunctionId(2), ownership: Organism, path_inputs: 0, path_origins: [], distinct_path_origins: 0, distinct_path_owners: 0, positive_path_strength: 0, negative_path_strength: 0, opportunity: 4294967296, supplied_opportunity: 0, admitted_drive: 0, projected_drive: 4294967296, threshold: 8589934592, consequence_tick: None, unanswered_returns: 0, executable: false } }",
        ],
        [
            "PhysicalTransition { tick: 46, phase: 0, event: OutputCandidateEvaluated { target: JunctionId(1), ownership: Organism, path_inputs: 0, path_origins: [], distinct_path_origins: 0, distinct_path_owners: 0, positive_path_strength: 0, negative_path_strength: 0, opportunity: 4294967296, supplied_opportunity: 0, admitted_drive: 0, projected_drive: 4294967296, threshold: 8589934592, consequence_tick: None, unanswered_returns: 0, executable: false } }",
            "PhysicalTransition { tick: 46, phase: 0, event: OutputCandidateEvaluated { target: JunctionId(2), ownership: Organism, path_inputs: 0, path_origins: [], distinct_path_origins: 0, distinct_path_owners: 0, positive_path_strength: 0, negative_path_strength: 0, opportunity: 4294967296, supplied_opportunity: 0, admitted_drive: 0, projected_drive: 4294967296, threshold: 8589934592, consequence_tick: None, unanswered_returns: 0, executable: false } }",
        ],
        [
            "PhysicalTransition { tick: 49, phase: 0, event: OutputCandidateEvaluated { target: JunctionId(1), ownership: Organism, path_inputs: 0, path_origins: [], distinct_path_origins: 0, distinct_path_owners: 0, positive_path_strength: 0, negative_path_strength: 0, opportunity: 4294967296, supplied_opportunity: 0, admitted_drive: 0, projected_drive: 4294967296, threshold: 8589934592, consequence_tick: None, unanswered_returns: 0, executable: false } }",
            "PhysicalTransition { tick: 49, phase: 0, event: OutputCandidateEvaluated { target: JunctionId(2), ownership: Organism, path_inputs: 0, path_origins: [], distinct_path_origins: 0, distinct_path_owners: 0, positive_path_strength: 0, negative_path_strength: 0, opportunity: 4294967296, supplied_opportunity: 0, admitted_drive: 0, projected_drive: 4294967296, threshold: 8589934592, consequence_tick: None, unanswered_returns: 0, executable: false } }",
        ],
        [
            "PhysicalTransition { tick: 52, phase: 0, event: OutputCandidateEvaluated { target: JunctionId(1), ownership: Organism, path_inputs: 0, path_origins: [], distinct_path_origins: 0, distinct_path_owners: 0, positive_path_strength: 0, negative_path_strength: 0, opportunity: 4294967296, supplied_opportunity: 0, admitted_drive: 0, projected_drive: 4294967296, threshold: 8589934592, consequence_tick: None, unanswered_returns: 0, executable: false } }",
            "PhysicalTransition { tick: 52, phase: 0, event: OutputCandidateEvaluated { target: JunctionId(2), ownership: Organism, path_inputs: 0, path_origins: [], distinct_path_origins: 0, distinct_path_owners: 0, positive_path_strength: 0, negative_path_strength: 0, opportunity: 4294967296, supplied_opportunity: 0, admitted_drive: 0, projected_drive: 4294967296, threshold: 8589934592, consequence_tick: None, unanswered_returns: 0, executable: false } }",
        ],
        [
            "PhysicalTransition { tick: 55, phase: 0, event: OutputCandidateEvaluated { target: JunctionId(1), ownership: Organism, path_inputs: 0, path_origins: [], distinct_path_origins: 0, distinct_path_owners: 0, positive_path_strength: 0, negative_path_strength: 0, opportunity: 4294967296, supplied_opportunity: 0, admitted_drive: 0, projected_drive: 4294967296, threshold: 8589934592, consequence_tick: None, unanswered_returns: 0, executable: false } }",
            "PhysicalTransition { tick: 55, phase: 0, event: OutputCandidateEvaluated { target: JunctionId(2), ownership: Organism, path_inputs: 0, path_origins: [], distinct_path_origins: 0, distinct_path_owners: 0, positive_path_strength: 0, negative_path_strength: 0, opportunity: 4294967296, supplied_opportunity: 0, admitted_drive: 0, projected_drive: 4294967296, threshold: 8589934592, consequence_tick: None, unanswered_returns: 0, executable: false } }",
        ],
        [
            "PhysicalTransition { tick: 58, phase: 0, event: OutputCandidateEvaluated { target: JunctionId(1), ownership: Organism, path_inputs: 0, path_origins: [], distinct_path_origins: 0, distinct_path_owners: 0, positive_path_strength: 0, negative_path_strength: 0, opportunity: 4294967296, supplied_opportunity: 0, admitted_drive: 0, projected_drive: 4294967296, threshold: 8589934592, consequence_tick: None, unanswered_returns: 0, executable: false } }",
            "PhysicalTransition { tick: 58, phase: 0, event: OutputCandidateEvaluated { target: JunctionId(2), ownership: Organism, path_inputs: 0, path_origins: [], distinct_path_origins: 0, distinct_path_owners: 0, positive_path_strength: 0, negative_path_strength: 0, opportunity: 4294967296, supplied_opportunity: 0, admitted_drive: 0, projected_drive: 4294967296, threshold: 8589934592, consequence_tick: None, unanswered_returns: 0, executable: false } }",
        ],
        [
            "PhysicalTransition { tick: 61, phase: 0, event: OutputCandidateEvaluated { target: JunctionId(1), ownership: Organism, path_inputs: 0, path_origins: [], distinct_path_origins: 0, distinct_path_owners: 0, positive_path_strength: 0, negative_path_strength: 0, opportunity: 4294967296, supplied_opportunity: 0, admitted_drive: 0, projected_drive: 4294967296, threshold: 8589934592, consequence_tick: None, unanswered_returns: 0, executable: false } }",
            "PhysicalTransition { tick: 61, phase: 0, event: OutputCandidateEvaluated { target: JunctionId(2), ownership: Organism, path_inputs: 0, path_origins: [], distinct_path_origins: 0, distinct_path_owners: 0, positive_path_strength: 0, negative_path_strength: 0, opportunity: 4294967296, supplied_opportunity: 0, admitted_drive: 0, projected_drive: 4294967296, threshold: 8589934592, consequence_tick: None, unanswered_returns: 0, executable: false } }",
        ],
        [
            "PhysicalTransition { tick: 64, phase: 0, event: OutputCandidateEvaluated { target: JunctionId(1), ownership: Organism, path_inputs: 0, path_origins: [], distinct_path_origins: 0, distinct_path_owners: 0, positive_path_strength: 0, negative_path_strength: 0, opportunity: 4294967296, supplied_opportunity: 0, admitted_drive: 0, projected_drive: 4294967296, threshold: 8589934592, consequence_tick: None, unanswered_returns: 0, executable: false } }",
            "PhysicalTransition { tick: 64, phase: 0, event: OutputCandidateEvaluated { target: JunctionId(2), ownership: Organism, path_inputs: 0, path_origins: [], distinct_path_origins: 0, distinct_path_owners: 0, positive_path_strength: 0, negative_path_strength: 0, opportunity: 4294967296, supplied_opportunity: 0, admitted_drive: 0, projected_drive: 4294967296, threshold: 8589934592, consequence_tick: None, unanswered_returns: 0, executable: false } }",
        ],
        [
            "PhysicalTransition { tick: 67, phase: 0, event: OutputCandidateEvaluated { target: JunctionId(1), ownership: Organism, path_inputs: 0, path_origins: [], distinct_path_origins: 0, distinct_path_owners: 0, positive_path_strength: 0, negative_path_strength: 0, opportunity: 4294967296, supplied_opportunity: 0, admitted_drive: 0, projected_drive: 4294967296, threshold: 8589934592, consequence_tick: None, unanswered_returns: 0, executable: false } }",
            "PhysicalTransition { tick: 67, phase: 0, event: OutputCandidateEvaluated { target: JunctionId(2), ownership: Organism, path_inputs: 0, path_origins: [], distinct_path_origins: 0, distinct_path_owners: 0, positive_path_strength: 0, negative_path_strength: 0, opportunity: 4294967296, supplied_opportunity: 0, admitted_drive: 0, projected_drive: 4294967296, threshold: 8589934592, consequence_tick: None, unanswered_returns: 0, executable: false } }",
        ],
        [
            "PhysicalTransition { tick: 70, phase: 0, event: OutputCandidateEvaluated { target: JunctionId(1), ownership: Organism, path_inputs: 0, path_origins: [], distinct_path_origins: 0, distinct_path_owners: 0, positive_path_strength: 0, negative_path_strength: 0, opportunity: 4294967296, supplied_opportunity: 0, admitted_drive: 0, projected_drive: 4294967296, threshold: 8589934592, consequence_tick: None, unanswered_returns: 0, executable: false } }",
            "PhysicalTransition { tick: 70, phase: 0, event: OutputCandidateEvaluated { target: JunctionId(2), ownership: Organism, path_inputs: 0, path_origins: [], distinct_path_origins: 0, distinct_path_owners: 0, positive_path_strength: 0, negative_path_strength: 0, opportunity: 4294967296, supplied_opportunity: 0, admitted_drive: 0, projected_drive: 4294967296, threshold: 8589934592, consequence_tick: None, unanswered_returns: 0, executable: false } }",
        ],
        [
            "PhysicalTransition { tick: 73, phase: 0, event: OutputCandidateEvaluated { target: JunctionId(1), ownership: Organism, path_inputs: 0, path_origins: [], distinct_path_origins: 0, distinct_path_owners: 0, positive_path_strength: 0, negative_path_strength: 0, opportunity: 4294967296, supplied_opportunity: 0, admitted_drive: 0, projected_drive: 4294967296, threshold: 8589934592, consequence_tick: None, unanswered_returns: 0, executable: false } }",
            "PhysicalTransition { tick: 73, phase: 0, event: OutputCandidateEvaluated { target: JunctionId(2), ownership: Organism, path_inputs: 0, path_origins: [], distinct_path_origins: 0, distinct_path_owners: 0, positive_path_strength: 0, negative_path_strength: 0, opportunity: 4294967296, supplied_opportunity: 0, admitted_drive: 0, projected_drive: 4294967296, threshold: 8589934592, consequence_tick: None, unanswered_returns: 0, executable: false } }",
        ],
        [
            "PhysicalTransition { tick: 76, phase: 0, event: OutputCandidateEvaluated { target: JunctionId(1), ownership: Organism, path_inputs: 0, path_origins: [], distinct_path_origins: 0, distinct_path_owners: 0, positive_path_strength: 0, negative_path_strength: 0, opportunity: 4294967296, supplied_opportunity: 0, admitted_drive: 0, projected_drive: 4294967296, threshold: 8589934592, consequence_tick: None, unanswered_returns: 0, executable: false } }",
            "PhysicalTransition { tick: 76, phase: 0, event: OutputCandidateEvaluated { target: JunctionId(2), ownership: Organism, path_inputs: 0, path_origins: [], distinct_path_origins: 0, distinct_path_owners: 0, positive_path_strength: 0, negative_path_strength: 0, opportunity: 4294967296, supplied_opportunity: 0, admitted_drive: 0, projected_drive: 4294967296, threshold: 8589934592, consequence_tick: None, unanswered_returns: 0, executable: false } }",
        ],
        [
            "PhysicalTransition { tick: 79, phase: 0, event: OutputCandidateEvaluated { target: JunctionId(1), ownership: Organism, path_inputs: 0, path_origins: [], distinct_path_origins: 0, distinct_path_owners: 0, positive_path_strength: 0, negative_path_strength: 0, opportunity: 4294967296, supplied_opportunity: 0, admitted_drive: 0, projected_drive: 4294967296, threshold: 8589934592, consequence_tick: None, unanswered_returns: 0, executable: false } }",
            "PhysicalTransition { tick: 79, phase: 0, event: OutputCandidateEvaluated { target: JunctionId(2), ownership: Organism, path_inputs: 0, path_origins: [], distinct_path_origins: 0, distinct_path_owners: 0, positive_path_strength: 0, negative_path_strength: 0, opportunity: 4294967296, supplied_opportunity: 0, admitted_drive: 0, projected_drive: 4294967296, threshold: 8589934592, consequence_tick: None, unanswered_returns: 0, executable: false } }",
        ],
        [
            "PhysicalTransition { tick: 82, phase: 0, event: OutputCandidateEvaluated { target: JunctionId(1), ownership: Organism, path_inputs: 0, path_origins: [], distinct_path_origins: 0, distinct_path_owners: 0, positive_path_strength: 0, negative_path_strength: 0, opportunity: 4294967296, supplied_opportunity: 0, admitted_drive: 0, projected_drive: 4294967296, threshold: 8589934592, consequence_tick: None, unanswered_returns: 0, executable: false } }",
            "PhysicalTransition { tick: 82, phase: 0, event: OutputCandidateEvaluated { target: JunctionId(2), ownership: Organism, path_inputs: 0, path_origins: [], distinct_path_origins: 0, distinct_path_owners: 0, positive_path_strength: 0, negative_path_strength: 0, opportunity: 4294967296, supplied_opportunity: 0, admitted_drive: 0, projected_drive: 4294967296, threshold: 8589934592, consequence_tick: None, unanswered_returns: 0, executable: false } }",
        ],
        [
            "PhysicalTransition { tick: 85, phase: 0, event: OutputCandidateEvaluated { target: JunctionId(1), ownership: Organism, path_inputs: 0, path_origins: [], distinct_path_origins: 0, distinct_path_owners: 0, positive_path_strength: 0, negative_path_strength: 0, opportunity: 4294967296, supplied_opportunity: 0, admitted_drive: 0, projected_drive: 4294967296, threshold: 8589934592, consequence_tick: None, unanswered_returns: 0, executable: false } }",
            "PhysicalTransition { tick: 85, phase: 0, event: OutputCandidateEvaluated { target: JunctionId(2), ownership: Organism, path_inputs: 0, path_origins: [], distinct_path_origins: 0, distinct_path_owners: 0, positive_path_strength: 0, negative_path_strength: 0, opportunity: 4294967296, supplied_opportunity: 0, admitted_drive: 0, projected_drive: 4294967296, threshold: 8589934592, consequence_tick: None, unanswered_returns: 0, executable: false } }",
        ],
        [
            "PhysicalTransition { tick: 88, phase: 0, event: OutputCandidateEvaluated { target: JunctionId(1), ownership: Organism, path_inputs: 0, path_origins: [], distinct_path_origins: 0, distinct_path_owners: 0, positive_path_strength: 0, negative_path_strength: 0, opportunity: 4294967296, supplied_opportunity: 0, admitted_drive: 0, projected_drive: 4294967296, threshold: 8589934592, consequence_tick: None, unanswered_returns: 0, executable: false } }",
            "PhysicalTransition { tick: 88, phase: 0, event: OutputCandidateEvaluated { target: JunctionId(2), ownership: Organism, path_inputs: 0, path_origins: [], distinct_path_origins: 0, distinct_path_owners: 0, positive_path_strength: 0, negative_path_strength: 0, opportunity: 4294967296, supplied_opportunity: 0, admitted_drive: 0, projected_drive: 4294967296, threshold: 8589934592, consequence_tick: None, unanswered_returns: 0, executable: false } }",
        ],
        [
            "PhysicalTransition { tick: 91, phase: 0, event: OutputCandidateEvaluated { target: JunctionId(1), ownership: Organism, path_inputs: 0, path_origins: [], distinct_path_origins: 0, distinct_path_owners: 0, positive_path_strength: 0, negative_path_strength: 0, opportunity: 4294967296, supplied_opportunity: 0, admitted_drive: 0, projected_drive: 4294967296, threshold: 8589934592, consequence_tick: None, unanswered_returns: 0, executable: false } }",
            "PhysicalTransition { tick: 91, phase: 0, event: OutputCandidateEvaluated { target: JunctionId(2), ownership: Organism, path_inputs: 0, path_origins: [], distinct_path_origins: 0, distinct_path_owners: 0, positive_path_strength: 0, negative_path_strength: 0, opportunity: 4294967296, supplied_opportunity: 0, admitted_drive: 0, projected_drive: 4294967296, threshold: 8589934592, consequence_tick: None, unanswered_returns: 0, executable: false } }",
        ],
        [
            "PhysicalTransition { tick: 94, phase: 0, event: OutputCandidateEvaluated { target: JunctionId(1), ownership: Organism, path_inputs: 0, path_origins: [], distinct_path_origins: 0, distinct_path_owners: 0, positive_path_strength: 0, negative_path_strength: 0, opportunity: 4294967296, supplied_opportunity: 0, admitted_drive: 0, projected_drive: 4294967296, threshold: 8589934592, consequence_tick: None, unanswered_returns: 0, executable: false } }",
            "PhysicalTransition { tick: 94, phase: 0, event: OutputCandidateEvaluated { target: JunctionId(2), ownership: Organism, path_inputs: 0, path_origins: [], distinct_path_origins: 0, distinct_path_owners: 0, positive_path_strength: 0, negative_path_strength: 0, opportunity: 4294967296, supplied_opportunity: 0, admitted_drive: 0, projected_drive: 4294967296, threshold: 8589934592, consequence_tick: None, unanswered_returns: 0, executable: false } }",
        ],
        [
            "PhysicalTransition { tick: 97, phase: 0, event: OutputCandidateEvaluated { target: JunctionId(1), ownership: Organism, path_inputs: 0, path_origins: [], distinct_path_origins: 0, distinct_path_owners: 0, positive_path_strength: 0, negative_path_strength: 0, opportunity: 4294967296, supplied_opportunity: 0, admitted_drive: 0, projected_drive: 4294967296, threshold: 8589934592, consequence_tick: None, unanswered_returns: 0, executable: false } }",
            "PhysicalTransition { tick: 97, phase: 0, event: OutputCandidateEvaluated { target: JunctionId(2), ownership: Organism, path_inputs: 0, path_origins: [], distinct_path_origins: 0, distinct_path_owners: 0, positive_path_strength: 0, negative_path_strength: 0, opportunity: 4294967296, supplied_opportunity: 0, admitted_drive: 0, projected_drive: 4294967296, threshold: 8589934592, consequence_tick: None, unanswered_returns: 0, executable: false } }",
        ],
    ],
    returned_origins_preserved: true,
    naturally_quiescent: true,
}
note: run with `RUST_BACKTRACE=1` environment variable to display a backtrace
test regulation_factored_change_returns_from_both_disturbances ... FAILED

failures:

failures:
    regulation_factored_change_returns_from_both_disturbances

test result: FAILED. 0 passed; 1 failed; 0 ignored; 0 measured; 17 filtered out; finished in 0.02s

error: test failed, to rerun pass `-p truelearner-embodiment --test runtime_attachment`
